Archive member included to satisfy reference by file (symbol)

c:/st/stm32cubeide_1.10.0/stm32cubeide/plugins/com.st.stm32cube.ide.mcu.externaltools.gnu-tools-for-stm32.10.3-2021.10.win32_1.0.0.202111181127/tools/bin/../lib/gcc/arm-none-eabi/10.3.1/../../../../arm-none-eabi/lib/thumb/v7e-m+fp/hard\libc_nano.a(lib_a-errno.o)
                              ./Core/Src/syscalls.o (__errno)
c:/st/stm32cubeide_1.10.0/stm32cubeide/plugins/com.st.stm32cube.ide.mcu.externaltools.gnu-tools-for-stm32.10.3-2021.10.win32_1.0.0.202111181127/tools/bin/../lib/gcc/arm-none-eabi/10.3.1/../../../../arm-none-eabi/lib/thumb/v7e-m+fp/hard\libc_nano.a(lib_a-exit.o)
                              c:/st/stm32cubeide_1.10.0/stm32cubeide/plugins/com.st.stm32cube.ide.mcu.externaltools.gnu-tools-for-stm32.10.3-2021.10.win32_1.0.0.202111181127/tools/bin/../lib/gcc/arm-none-eabi/10.3.1/../../../../arm-none-eabi/lib/thumb/v7e-m+fp/hard/crt0.o (exit)
c:/st/stm32cubeide_1.10.0/stm32cubeide/plugins/com.st.stm32cube.ide.mcu.externaltools.gnu-tools-for-stm32.10.3-2021.10.win32_1.0.0.202111181127/tools/bin/../lib/gcc/arm-none-eabi/10.3.1/../../../../arm-none-eabi/lib/thumb/v7e-m+fp/hard\libc_nano.a(lib_a-impure.o)
                              c:/st/stm32cubeide_1.10.0/stm32cubeide/plugins/com.st.stm32cube.ide.mcu.externaltools.gnu-tools-for-stm32.10.3-2021.10.win32_1.0.0.202111181127/tools/bin/../lib/gcc/arm-none-eabi/10.3.1/../../../../arm-none-eabi/lib/thumb/v7e-m+fp/hard\libc_nano.a(lib_a-exit.o) (_global_impure_ptr)
c:/st/stm32cubeide_1.10.0/stm32cubeide/plugins/com.st.stm32cube.ide.mcu.externaltools.gnu-tools-for-stm32.10.3-2021.10.win32_1.0.0.202111181127/tools/bin/../lib/gcc/arm-none-eabi/10.3.1/../../../../arm-none-eabi/lib/thumb/v7e-m+fp/hard\libc_nano.a(lib_a-init.o)
                              c:/st/stm32cubeide_1.10.0/stm32cubeide/plugins/com.st.stm32cube.ide.mcu.externaltools.gnu-tools-for-stm32.10.3-2021.10.win32_1.0.0.202111181127/tools/bin/../lib/gcc/arm-none-eabi/10.3.1/../../../../arm-none-eabi/lib/thumb/v7e-m+fp/hard/crt0.o (__libc_init_array)
c:/st/stm32cubeide_1.10.0/stm32cubeide/plugins/com.st.stm32cube.ide.mcu.externaltools.gnu-tools-for-stm32.10.3-2021.10.win32_1.0.0.202111181127/tools/bin/../lib/gcc/arm-none-eabi/10.3.1/../../../../arm-none-eabi/lib/thumb/v7e-m+fp/hard\libc_nano.a(lib_a-memcpy-stub.o)
                              ./Core/Src/main.o (memcpy)
c:/st/stm32cubeide_1.10.0/stm32cubeide/plugins/com.st.stm32cube.ide.mcu.externaltools.gnu-tools-for-stm32.10.3-2021.10.win32_1.0.0.202111181127/tools/bin/../lib/gcc/arm-none-eabi/10.3.1/../../../../arm-none-eabi/lib/thumb/v7e-m+fp/hard\libc_nano.a(lib_a-memset.o)
                              c:/st/stm32cubeide_1.10.0/stm32cubeide/plugins/com.st.stm32cube.ide.mcu.externaltools.gnu-tools-for-stm32.10.3-2021.10.win32_1.0.0.202111181127/tools/bin/../lib/gcc/arm-none-eabi/10.3.1/../../../../arm-none-eabi/lib/thumb/v7e-m+fp/hard/crt0.o (memset)
c:/st/stm32cubeide_1.10.0/stm32cubeide/plugins/com.st.stm32cube.ide.mcu.externaltools.gnu-tools-for-stm32.10.3-2021.10.win32_1.0.0.202111181127/tools/bin/../lib/gcc/arm-none-eabi/10.3.1/../../../../arm-none-eabi/lib/thumb/v7e-m+fp/hard\libc_nano.a(lib_a-strstr.o)
                              ./Core/Src/main.o (strstr)
c:/st/stm32cubeide_1.10.0/stm32cubeide/plugins/com.st.stm32cube.ide.mcu.externaltools.gnu-tools-for-stm32.10.3-2021.10.win32_1.0.0.202111181127/tools/bin/../lib/gcc/arm-none-eabi/10.3.1/thumb/v7e-m+fp/hard\libgcc.a(_aeabi_uldivmod.o)
                              ./Drivers/STM32F4xx_HAL_Driver/Src/stm32f4xx_hal_rcc.o (__aeabi_uldivmod)
c:/st/stm32cubeide_1.10.0/stm32cubeide/plugins/com.st.stm32cube.ide.mcu.externaltools.gnu-tools-for-stm32.10.3-2021.10.win32_1.0.0.202111181127/tools/bin/../lib/gcc/arm-none-eabi/10.3.1/thumb/v7e-m+fp/hard\libgcc.a(_udivmoddi4.o)
                              c:/st/stm32cubeide_1.10.0/stm32cubeide/plugins/com.st.stm32cube.ide.mcu.externaltools.gnu-tools-for-stm32.10.3-2021.10.win32_1.0.0.202111181127/tools/bin/../lib/gcc/arm-none-eabi/10.3.1/thumb/v7e-m+fp/hard\libgcc.a(_aeabi_uldivmod.o) (__udivmoddi4)
c:/st/stm32cubeide_1.10.0/stm32cubeide/plugins/com.st.stm32cube.ide.mcu.externaltools.gnu-tools-for-stm32.10.3-2021.10.win32_1.0.0.202111181127/tools/bin/../lib/gcc/arm-none-eabi/10.3.1/thumb/v7e-m+fp/hard\libgcc.a(_dvmd_tls.o)
                              c:/st/stm32cubeide_1.10.0/stm32cubeide/plugins/com.st.stm32cube.ide.mcu.externaltools.gnu-tools-for-stm32.10.3-2021.10.win32_1.0.0.202111181127/tools/bin/../lib/gcc/arm-none-eabi/10.3.1/thumb/v7e-m+fp/hard\libgcc.a(_aeabi_uldivmod.o) (__aeabi_ldiv0)

Discarded input sections

 .text          0x0000000000000000        0x0 c:/st/stm32cubeide_1.10.0/stm32cubeide/plugins/com.st.stm32cube.ide.mcu.externaltools.gnu-tools-for-stm32.10.3-2021.10.win32_1.0.0.202111181127/tools/bin/../lib/gcc/arm-none-eabi/10.3.1/thumb/v7e-m+fp/hard/crti.o
[...]
Memory Configuration

Name             Origin             Length             Attributes
VTTB             0x0000000020000000 0x0000000000000400 xrw
RAM              0x0000000020000400 0x000000000001fc00 xrw
FLASH            0x0000000008000000 0x0000000000080000 xr
*default*        0x0000000000000000 0xffffffffffffffff

Linker script and memory map

LOAD c:/st/stm32cubeide_1.10.0/stm32cubeide/plugins/com.st.stm32cube.ide.mcu.externaltools.gnu-tools-for-stm32.10.3-2021.10.win32_1.0.0.202111181127/tools/bin/../lib/gcc/arm-none-eabi/10.3.1/thumb/v7e-m+fp/hard/crti.o
LOAD c:/st/stm32cubeide_1.10.0/stm32cubeide/plugins/com.st.stm32cube.ide.mcu.externaltools.gnu-tools-for-stm32.10.3-2021.10.win32_1.0.0.202111181127/tools/bin/../lib/gcc/arm-none-eabi/10.3.1/thumb/v7e-m+fp/hard/crtbegin.o
LOAD c:/st/stm32cubeide_1.10.0/stm32cubeide/plugins/com.st.stm32cube.ide.mcu.externaltools.gnu-tools-for-stm32.10.3-2021.10.win32_1.0.0.202111181127/tools/bin/../lib/gcc/arm-none-eabi/10.3.1/../../../../arm-none-eabi/lib/thumb/v7e-m+fp/hard/crt0.o
LOAD ./Core/Src/i2c_lib.o
LOAD ./Core/Src/main.o
LOAD ./Core/Src/spi_lib.o
LOAD ./Core/Src/stm32f4xx_hal_msp.o
LOAD ./Core/Src/stm32f4xx_it.o
LOAD ./Core/Src/syscalls.o
LOAD ./Core/Src/sysmem.o
LOAD ./Core/Src/system_stm32f4xx.o
LOAD ./Core/Startup/startup_stm32f411vetx.o
LOAD ./Drivers/STM32F4xx_HAL_Driver/Src/stm32f4xx_hal.o
LOAD ./Drivers/STM32F4xx_HAL_Driver/Src/stm32f4xx_hal_cortex.o
LOAD ./Drivers/STM32F4xx_HAL_Driver/Src/stm32f4xx_hal_dma.o
LOAD ./Drivers/STM32F4xx_HAL_Driver/Src/stm32f4xx_hal_dma_ex.o
LOAD ./Drivers/STM32F4xx_HAL_Driver/Src/stm32f4xx_hal_exti.o
LOAD ./Drivers/STM32F4xx_HAL_Driver/Src/stm32f4xx_hal_flash.o
LOAD ./Drivers/STM32F4xx_HAL_Driver/Src/stm32f4xx_hal_flash_ex.o
LOAD ./Drivers/STM32F4xx_HAL_Driver/Src/stm32f4xx_hal_flash_ramfunc.o
LOAD ./Drivers/STM32F4xx_HAL_Driver/Src/stm32f4xx_hal_gpio.o
LOAD ./Drivers/STM32F4xx_HAL_Driver/Src/stm32f4xx_hal_pwr.o
LOAD ./Drivers/STM32F4xx_HAL_Driver/Src/stm32f4xx_hal_pwr_ex.o
LOAD ./Drivers/STM32F4xx_HAL_Driver/Src/stm32f4xx_hal_rcc.o
LOAD ./Drivers/STM32F4xx_HAL_Driver/Src/stm32f4xx_hal_rcc_ex.o
LOAD ./Drivers/STM32F4xx_HAL_Driver/Src/stm32f4xx_hal_tim.o
LOAD ./Drivers/STM32F4xx_HAL_Driver/Src/stm32f4xx_hal_tim_ex.o
START GROUP
LOAD c:/st/stm32cubeide_1.10.0/stm32cubeide/plugins/com.st.stm32cube.ide.mcu.externaltools.gnu-tools-for-stm32.10.3-2021.10.win32_1.0.0.202111181127/tools/bin/../lib/gcc/arm-none-eabi/10.3.1/../../../../arm-none-eabi/lib/thumb/v7e-m+fp/hard\libc_nano.a
LOAD c:/st/stm32cubeide_1.10.0/stm32cubeide/plugins/com.st.stm32cube.ide.mcu.externaltools.gnu-tools-for-stm32.10.3-2021.10.win32_1.0.0.202111181127/tools/bin/../lib/gcc/arm-none-eabi/10.3.1/../../../../arm-none-eabi/lib/thumb/v7e-m+fp/hard\libm.a
END GROUP
START GROUP
LOAD c:/st/stm32cubeide_1.10.0/stm32cubeide/plugins/com.st.stm32cube.ide.mcu.externaltools.gnu-tools-for-stm32.10.3-2021.10.win32_1.0.0.202111181127/tools/bin/../lib/gcc/arm-none-eabi/10.3.1/thumb/v7e-m+fp/hard\libgcc.a
LOAD c:/st/stm32cubeide_1.10.0/stm32cubeide/plugins/com.st.stm32cube.ide.mcu.externaltools.gnu-tools-for-stm32.10.3-2021.10.win32_1.0.0.202111181127/tools/bin/../lib/gcc/arm-none-eabi/10.3.1/../../../../arm-none-eabi/lib/thumb/v7e-m+fp/hard\libc_nano.a
END GROUP
START GROUP
LOAD c:/st/stm32cubeide_1.10.0/stm32cubeide/plugins/com.st.stm32cube.ide.mcu.externaltools.gnu-tools-for-stm32.10.3-2021.10.win32_1.0.0.202111181127/tools/bin/../lib/gcc/arm-none-eabi/10.3.1/thumb/v7e-m+fp/hard\libgcc.a
LOAD c:/st/stm32cubeide_1.10.0/stm32cubeide/plugins/com.st.stm32cube.ide.mcu.externaltools.gnu-tools-for-stm32.10.3-2021.10.win32_1.0.0.202111181127/tools/bin/../lib/gcc/arm-none-eabi/10.3.1/../../../../arm-none-eabi/lib/thumb/v7e-m+fp/hard\libc_nano.a
LOAD c:/st/stm32cubeide_1.10.0/stm32cubeide/plugins/com.st.stm32cube.ide.mcu.externaltools.gnu-tools-for-stm32.10.3-2021.10.win32_1.0.0.202111181127/tools/bin/../lib/gcc/arm-none-eabi/10.3.1/../../../../arm-none-eabi/lib/thumb/v7e-m+fp/hard\libnosys.a
END GROUP
START GROUP
LOAD c:/st/stm32cubeide_1.10.0/stm32cubeide/plugins/com.st.stm32cube.ide.mcu.externaltools.gnu-tools-for-stm32.10.3-2021.10.win32_1.0.0.202111181127/tools/bin/../lib/gcc/arm-none-eabi/10.3.1/thumb/v7e-m+fp/hard\libgcc.a
LOAD c:/st/stm32cubeide_1.10.0/stm32cubeide/plugins/com.st.stm32cube.ide.mcu.externaltools.gnu-tools-for-stm32.10.3-2021.10.win32_1.0.0.202111181127/tools/bin/../lib/gcc/arm-none-eabi/10.3.1/../../../../arm-none-eabi/lib/thumb/v7e-m+fp/hard\libc_nano.a
LOAD c:/st/stm32cubeide_1.10.0/stm32cubeide/plugins/com.st.stm32cube.ide.mcu.externaltools.gnu-tools-for-stm32.10.3-2021.10.win32_1.0.0.202111181127/tools/bin/../lib/gcc/arm-none-eabi/10.3.1/../../../../arm-none-eabi/lib/thumb/v7e-m+fp/hard\libnosys.a
END GROUP
LOAD c:/st/stm32cubeide_1.10.0/stm32cubeide/plugins/com.st.stm32cube.ide.mcu.externaltools.gnu-tools-for-stm32.10.3-2021.10.win32_1.0.0.202111181127/tools/bin/../lib/gcc/arm-none-eabi/10.3.1/thumb/v7e-m+fp/hard/crtend.o
LOAD c:/st/stm32cubeide_1.10.0/stm32cubeide/plugins/com.st.stm32cube.ide.mcu.externaltools.gnu-tools-for-stm32.10.3-2021.10.win32_1.0.0.202111181127/tools/bin/../lib/gcc/arm-none-eabi/10.3.1/thumb/v7e-m+fp/hard/crtn.o
                0x0000000020020000                _estack = (ORIGIN (RAM) + LENGTH (RAM))
                0x0000000000000200                _Min_Heap_Size = 0x200
                0x0000000000000400                _Min_Stack_Size = 0x400

.isr_vector     0x0000000008000000      0x198
                0x0000000008000000                . = ALIGN (0x4)
 *(.isr_vector)
 .isr_vector    0x0000000008000000      0x198 ./Core/Startup/startup_stm32f411vetx.o
                0x0000000008000000                g_pfnVectors
                0x0000000008000198                . = ALIGN (0x4)

.text           0x0000000008000198     0x1968
                0x0000000008000198                . = ALIGN (0x4)
 *(.text)
 .text          0x0000000008000198       0x40 c:/st/stm32cubeide_1.10.0/stm32cubeide/plugins/com.st.stm32cube.ide.mcu.externaltools.gnu-tools-for-stm32.10.3-2021.10.win32_1.0.0.202111181127/tools/bin/../lib/gcc/arm-none-eabi/10.3.1/thumb/v7e-m+fp/hard/crtbegin.o
 .text          0x00000000080001d8       0x30 c:/st/stm32cubeide_1.10.0/stm32cubeide/plugins/com.st.stm32cube.ide.mcu.externaltools.gnu-tools-for-stm32.10.3-2021.10.win32_1.0.0.202111181127/tools/bin/../lib/gcc/arm-none-eabi/10.3.1/thumb/v7e-m+fp/hard\libgcc.a(_aeabi_uldivmod.o)
                0x00000000080001d8                __aeabi_uldivmod
 .text          0x0000000008000208      0x2d0 c:/st/stm32cubeide_1.10.0/stm32cubeide/plugins/com.st.stm32cube.ide.mcu.externaltools.gnu-tools-for-stm32.10.3-2021.10.win32_1.0.0.202111181127/tools/bin/../lib/gcc/arm-none-eabi/10.3.1/thumb/v7e-m+fp/hard\libgcc.a(_udivmoddi4.o)
                0x0000000008000208                __udivmoddi4
 .text          0x00000000080004d8        0x4 c:/st/stm32cubeide_1.10.0/stm32cubeide/plugins/com.st.stm32cube.ide.mcu.externaltools.gnu-tools-for-stm32.10.3-2021.10.win32_1.0.0.202111181127/tools/bin/../lib/gcc/arm-none-eabi/10.3.1/thumb/v7e-m+fp/hard\libgcc.a(_dvmd_tls.o)
                0x00000000080004d8                __aeabi_idiv0
                0x00000000080004d8                __aeabi_ldiv0
 *(.text*)
 .text.I2C_Init
                0x00000000080004dc       0xe4 ./Core/Src/i2c_lib.o
                0x00000000080004dc                I2C_Init
 .text.I2C_read_LSM
                0x00000000080005c0       0xe8 ./Core/Src/i2c_lib.o
                0x00000000080005c0                I2C_read_LSM
 .text.GPIO_Init
                0x00000000080006a8       0xac ./Core/Src/main.o
                0x00000000080006a8                GPIO_Init
 .text.EXTI0_Init
                0x0000000008000754       0x64 ./Core/Src/main.o
                0x0000000008000754                EXTI0_Init
 .text.delay_init
                0x00000000080007b8       0x30 ./Core/Src/main.o
                0x00000000080007b8                delay_init
 .text.delay    0x00000000080007e8       0x2c ./Core/Src/main.o
                0x00000000080007e8                delay
 .text.Systick_custom_Handler
                0x0000000008000814       0x30 ./Core/Src/main.o
                0x0000000008000814                Systick_custom_Handler
 .text.led_control
                0x0000000008000844       0x54 ./Core/Src/main.o
                0x0000000008000844                led_control
 .text.UART_Send_byte
                0x0000000008000898       0x50 ./Core/Src/main.o
                0x0000000008000898                UART_Send_byte
 .text.UART_Send_ARR
                0x00000000080008e8       0x36 ./Core/Src/main.o
                0x00000000080008e8                UART_Send_ARR
 *fill*         0x000000000800091e        0x2 
 .text.EXTI0_Custom_Handler
                0x0000000008000920       0xbc ./Core/Src/main.o
                0x0000000008000920                EXTI0_Custom_Handler
 .text.UART2_custom_Handler
                0x00000000080009dc       0xc0 ./Core/Src/main.o
                0x00000000080009dc                UART2_custom_Handler
 .text.Flash_to_Ram
                0x0000000008000a9c       0x70 ./Core/Src/main.o
                0x0000000008000a9c                Flash_to_Ram
 .text.UART_Init
                0x0000000008000b0c       0xbc ./Core/Src/main.o
                0x0000000008000b0c                UART_Init
 .text.DMA_Init
                0x0000000008000bc8       0xa0 ./Core/Src/main.o
                0x0000000008000bc8                DMA_Init
 .text.DMA1_Stream5_IRQHandler
                0x0000000008000c68       0x34 ./Core/Src/main.o
                0x0000000008000c68                DMA1_Stream5_IRQHandler
 .text.main     0x0000000008000c9c       0x90 ./Core/Src/main.o
                0x0000000008000c9c                main
 .text.SystemClock_Config
                0x0000000008000d2c       0xbc ./Core/Src/main.o
                0x0000000008000d2c                SystemClock_Config
 .text.MX_GPIO_Init
                0x0000000008000de8       0x34 ./Core/Src/main.o
 .text.Error_Handler
                0x0000000008000e1c        0xa ./Core/Src/main.o
                0x0000000008000e1c                Error_Handler
 *fill*         0x0000000008000e26        0x2 
 .text.HAL_MspInit
                0x0000000008000e28       0x50 ./Core/Src/stm32f4xx_hal_msp.o
                0x0000000008000e28                HAL_MspInit
 .text.NMI_Handler
                0x0000000008000e78        0x6 ./Core/Src/stm32f4xx_it.o
                0x0000000008000e78                NMI_Handler
 .text.HardFault_Handler
                0x0000000008000e7e        0x6 ./Core/Src/stm32f4xx_it.o
                0x0000000008000e7e                HardFault_Handler
 .text.MemManage_Handler
                0x0000000008000e84        0x6 ./Core/Src/stm32f4xx_it.o
                0x0000000008000e84                MemManage_Handler
 .text.BusFault_Handler
                0x0000000008000e8a        0x6 ./Core/Src/stm32f4xx_it.o
                0x0000000008000e8a                BusFault_Handler
 .text.UsageFault_Handler
                0x0000000008000e90        0x6 ./Core/Src/stm32f4xx_it.o
                0x0000000008000e90                UsageFault_Handler
 .text.SVC_Handler
                0x0000000008000e96        0xe ./Core/Src/stm32f4xx_it.o
                0x0000000008000e96                SVC_Handler
 .text.DebugMon_Handler
                0x0000000008000ea4        0xe ./Core/Src/stm32f4xx_it.o
                0x0000000008000ea4                DebugMon_Handler
 .text.PendSV_Handler
                0x0000000008000eb2        0xe ./Core/Src/stm32f4xx_it.o
                0x0000000008000eb2                PendSV_Handler
 .text.SysTick_Handler
                0x0000000008000ec0        0xc ./Core/Src/stm32f4xx_it.o
                0x0000000008000ec0                SysTick_Handler
 .text.SystemInit
                0x0000000008000ecc       0x24 ./Core/Src/system_stm32f4xx.o
                0x0000000008000ecc                SystemInit
 .text.Reset_Handler
                0x0000000008000ef0       0x50 ./Core/Startup/startup_stm32f411vetx.o
                0x0000000008000ef0                Reset_Handler
 .text.Default_Handler
                0x0000000008000f40        0x2 ./Core/Startup/startup_stm32f411vetx.o
                0x0000000008000f40                RTC_Alarm_IRQHandler
                0x0000000008000f40                EXTI2_IRQHandler
                0x0000000008000f40                SPI4_IRQHandler
                0x0000000008000f40                TIM1_CC_IRQHandler
                0x0000000008000f40                DMA2_Stream5_IRQHandler
                0x0000000008000f40                PVD_IRQHandler
                0x0000000008000f40                SDIO_IRQHandler
                0x0000000008000f40                TAMP_STAMP_IRQHandler
                0x0000000008000f40                EXTI3_IRQHandler
                0x0000000008000f40                TIM1_UP_TIM10_IRQHandler
                0x0000000008000f40                I2C3_ER_IRQHandler
                0x0000000008000f40                EXTI0_IRQHandler
                0x0000000008000f40                I2C2_EV_IRQHandler
                0x0000000008000f40                DMA1_Stream2_IRQHandler
                0x0000000008000f40                FPU_IRQHandler
                0x0000000008000f40                DMA2_Stream2_IRQHandler
                0x0000000008000f40                SPI1_IRQHandler
                0x0000000008000f40                TIM1_BRK_TIM9_IRQHandler
                0x0000000008000f40                DMA2_Stream3_IRQHandler
                0x0000000008000f40                USART6_IRQHandler
                0x0000000008000f40                DMA2_Stream0_IRQHandler
                0x0000000008000f40                TIM4_IRQHandler
                0x0000000008000f40                I2C1_EV_IRQHandler
                0x0000000008000f40                DMA1_Stream6_IRQHandler
                0x0000000008000f40                DMA1_Stream1_IRQHandler
                0x0000000008000f40                TIM3_IRQHandler
                0x0000000008000f40                RCC_IRQHandler
                0x0000000008000f40                Default_Handler
                0x0000000008000f40                EXTI15_10_IRQHandler
                0x0000000008000f40                ADC_IRQHandler
                0x0000000008000f40                DMA1_Stream7_IRQHandler
                0x0000000008000f40                SPI5_IRQHandler
                0x0000000008000f40                TIM5_IRQHandler
                0x0000000008000f40                DMA2_Stream7_IRQHandler
                0x0000000008000f40                I2C3_EV_IRQHandler
                0x0000000008000f40                EXTI9_5_IRQHandler
                0x0000000008000f40                RTC_WKUP_IRQHandler
                0x0000000008000f40                SPI2_IRQHandler
                0x0000000008000f40                DMA1_Stream0_IRQHandler
                0x0000000008000f40                EXTI4_IRQHandler
                0x0000000008000f40                WWDG_IRQHandler
                0x0000000008000f40                TIM2_IRQHandler
                0x0000000008000f40                OTG_FS_WKUP_IRQHandler
                0x0000000008000f40                TIM1_TRG_COM_TIM11_IRQHandler
                0x0000000008000f40                EXTI1_IRQHandler
                0x0000000008000f40                USART2_IRQHandler
                0x0000000008000f40                I2C2_ER_IRQHandler
                0x0000000008000f40                DMA2_Stream1_IRQHandler
                0x0000000008000f40                FLASH_IRQHandler
                0x0000000008000f40                DMA2_Stream4_IRQHandler
                0x0000000008000f40                USART1_IRQHandler
                0x0000000008000f40                OTG_FS_IRQHandler
                0x0000000008000f40                SPI3_IRQHandler
                0x0000000008000f40                DMA1_Stream4_IRQHandler
                0x0000000008000f40                I2C1_ER_IRQHandler
                0x0000000008000f40                DMA2_Stream6_IRQHandler
                0x0000000008000f40                DMA1_Stream3_IRQHandler
 *fill*         0x0000000008000f42        0x2 
 .text.HAL_Init
                0x0000000008000f44       0x44 ./Drivers/STM32F4xx_HAL_Driver/Src/stm32f4xx_hal.o
                0x0000000008000f44                HAL_Init
 .text.HAL_InitTick
                0x0000000008000f88       0x60 ./Drivers/STM32F4xx_HAL_Driver/Src/stm32f4xx_hal.o
                0x0000000008000f88                HAL_InitTick
 .text.HAL_IncTick
                0x0000000008000fe8       0x28 ./Drivers/STM32F4xx_HAL_Driver/Src/stm32f4xx_hal.o
                0x0000000008000fe8                HAL_IncTick
 .text.HAL_GetTick
                0x0000000008001010       0x18 ./Drivers/STM32F4xx_HAL_Driver/Src/stm32f4xx_hal.o
                0x0000000008001010                HAL_GetTick
 .text.__NVIC_SetPriorityGrouping
                0x0000000008001028       0x48 ./Drivers/STM32F4xx_HAL_Driver/Src/stm32f4xx_hal_cortex.o
 .text.__NVIC_GetPriorityGrouping
                0x0000000008001070       0x1c ./Drivers/STM32F4xx_HAL_Driver/Src/stm32f4xx_hal_cortex.o
 .text.__NVIC_SetPriority
                0x000000000800108c       0x54 ./Drivers/STM32F4xx_HAL_Driver/Src/stm32f4xx_hal_cortex.o
 .text.NVIC_EncodePriority
                0x00000000080010e0       0x66 ./Drivers/STM32F4xx_HAL_Driver/Src/stm32f4xx_hal_cortex.o
 *fill*         0x0000000008001146        0x2 
 .text.SysTick_Config
                0x0000000008001148       0x44 ./Drivers/STM32F4xx_HAL_Driver/Src/stm32f4xx_hal_cortex.o
 .text.HAL_NVIC_SetPriorityGrouping
                0x000000000800118c       0x16 ./Drivers/STM32F4xx_HAL_Driver/Src/stm32f4xx_hal_cortex.o
                0x000000000800118c                HAL_NVIC_SetPriorityGrouping
 .text.HAL_NVIC_SetPriority
                0x00000000080011a2       0x38 ./Drivers/STM32F4xx_HAL_Driver/Src/stm32f4xx_hal_cortex.o
                0x00000000080011a2                HAL_NVIC_SetPriority
 .text.HAL_SYSTICK_Config
                0x00000000080011da       0x18 ./Drivers/STM32F4xx_HAL_Driver/Src/stm32f4xx_hal_cortex.o
                0x00000000080011da                HAL_SYSTICK_Config
 *fill*         0x00000000080011f2        0x2 
 .text.HAL_RCC_OscConfig
                0x00000000080011f4      0x4f0 ./Drivers/STM32F4xx_HAL_Driver/Src/stm32f4xx_hal_rcc.o
                0x00000000080011f4                HAL_RCC_OscConfig
 .text.HAL_RCC_ClockConfig
                0x00000000080016e4      0x1cc ./Drivers/STM32F4xx_HAL_Driver/Src/stm32f4xx_hal_rcc.o
                0x00000000080016e4                HAL_RCC_ClockConfig
 .text.HAL_RCC_GetSysClockFreq
                0x00000000080018b0      0x18c ./Drivers/STM32F4xx_HAL_Driver/Src/stm32f4xx_hal_rcc.o
                0x00000000080018b0                HAL_RCC_GetSysClockFreq
 .text.__libc_init_array
                0x0000000008001a3c       0x48 c:/st/stm32cubeide_1.10.0/stm32cubeide/plugins/com.st.stm32cube.ide.mcu.externaltools.gnu-tools-for-stm32.10.3-2021.10.win32_1.0.0.202111181127/tools/bin/../lib/gcc/arm-none-eabi/10.3.1/../../../../arm-none-eabi/lib/thumb/v7e-m+fp/hard\libc_nano.a(lib_a-init.o)
                0x0000000008001a3c                __libc_init_array
 .text.memcpy   0x0000000008001a84       0x1c c:/st/stm32cubeide_1.10.0/stm32cubeide/plugins/com.st.stm32cube.ide.mcu.externaltools.gnu-tools-for-stm32.10.3-2021.10.win32_1.0.0.202111181127/tools/bin/../lib/gcc/arm-none-eabi/10.3.1/../../../../arm-none-eabi/lib/thumb/v7e-m+fp/hard\libc_nano.a(lib_a-memcpy-stub.o)
                0x0000000008001a84                memcpy
 .text.memset   0x0000000008001aa0       0x10 c:/st/stm32cubeide_1.10.0/stm32cubeide/plugins/com.st.stm32cube.ide.mcu.externaltools.gnu-tools-for-stm32.10.3-2021.10.win32_1.0.0.202111181127/tools/bin/../lib/gcc/arm-none-eabi/10.3.1/../../../../arm-none-eabi/lib/thumb/v7e-m+fp/hard\libc_nano.a(lib_a-memset.o)
                0x0000000008001aa0                memset
 .text.strstr   0x0000000008001ab0       0x2c c:/st/stm32cubeide_1.10.0/stm32cubeide/plugins/com.st.stm32cube.ide.mcu.externaltools.gnu-tools-for-stm32.10.3-2021.10.win32_1.0.0.202111181127/tools/bin/../lib/gcc/arm-none-eabi/10.3.1/../../../../arm-none-eabi/lib/thumb/v7e-m+fp/hard\libc_nano.a(lib_a-strstr.o)
                0x0000000008001ab0                strstr
 *(.glue_7)
 .glue_7        0x0000000008001adc        0x0 linker stubs
 *(.glue_7t)
 .glue_7t       0x0000000008001adc        0x0 linker stubs
 *(.eh_frame)
 .eh_frame      0x0000000008001adc        0x0 c:/st/stm32cubeide_1.10.0/stm32cubeide/plugins/com.st.stm32cube.ide.mcu.externaltools.gnu-tools-for-stm32.10.3-2021.10.win32_1.0.0.202111181127/tools/bin/../lib/gcc/arm-none-eabi/10.3.1/thumb/v7e-m+fp/hard/crtbegin.o
 *(.init)
 .init          0x0000000008001adc        0x4 c:/st/stm32cubeide_1.10.0/stm32cubeide/plugins/com.st.stm32cube.ide.mcu.externaltools.gnu-tools-for-stm32.10.3-2021.10.win32_1.0.0.202111181127/tools/bin/../lib/gcc/arm-none-eabi/10.3.1/thumb/v7e-m+fp/hard/crti.o
                0x0000000008001adc                _init
 .init          0x0000000008001ae0        0x8 c:/st/stm32cubeide_1.10.0/stm32cubeide/plugins/com.st.stm32cube.ide.mcu.externaltools.gnu-tools-for-stm32.10.3-2021.10.win32_1.0.0.202111181127/tools/bin/../lib/gcc/arm-none-eabi/10.3.1/thumb/v7e-m+fp/hard/crtn.o
 *(.fini)
 .fini          0x0000000008001ae8        0x4 c:/st/stm32cubeide_1.10.0/stm32cubeide/plugins/com.st.stm32cube.ide.mcu.externaltools.gnu-tools-for-stm32.10.3-2021.10.win32_1.0.0.202111181127/tools/bin/../lib/gcc/arm-none-eabi/10.3.1/thumb/v7e-m+fp/hard/crti.o
                0x0000000008001ae8                _fini
 .fini          0x0000000008001aec        0x8 c:/st/stm32cubeide_1.10.0/stm32cubeide/plugins/com.st.stm32cube.ide.mcu.externaltools.gnu-tools-for-stm32.10.3-2021.10.win32_1.0.0.202111181127/tools/bin/../lib/gcc/arm-none-eabi/10.3.1/thumb/v7e-m+fp/hard/crtn.o
 *fill*         0x0000000008001af4        0x4 
 .fini.__stub   0x0000000008001af8        0x8 linker stubs
                0x0000000008001b00                . = ALIGN (0x4)
                0x0000000008001b00                _etext = .

.vfp11_veneer   0x0000000008001b00        0x0
 .vfp11_veneer  0x0000000008001b00        0x0 linker stubs

.v4_bx          0x0000000008001b00        0x0
 .v4_bx         0x0000000008001b00        0x0 linker stubs

.iplt           0x0000000008001b00        0x0
 .iplt          0x0000000008001b00        0x0 c:/st/stm32cubeide_1.10.0/stm32cubeide/plugins/com.st.stm32cube.ide.mcu.externaltools.gnu-tools-for-stm32.10.3-2021.10.win32_1.0.0.202111181127/tools/bin/../lib/gcc/arm-none-eabi/10.3.1/thumb/v7e-m+fp/hard/crtbegin.o

.rodata         0x0000000008001b00       0x38
                0x0000000008001b00                . = ALIGN (0x4)
 *(.rodata)
 .rodata        0x0000000008001b00       0x27 ./Core/Src/main.o
 *(.rodata*)
 *fill*         0x0000000008001b27        0x1 
 .rodata.AHBPrescTable
                0x0000000008001b28       0x10 ./Core/Src/system_stm32f4xx.o
                0x0000000008001b28                AHBPrescTable
                0x0000000008001b38                . = ALIGN (0x4)

.ARM.extab      0x0000000008001b38        0x0
                0x0000000008001b38                . = ALIGN (0x4)
 *(.ARM.extab* .gnu.linkonce.armextab.*)
                0x0000000008001b38                . = ALIGN (0x4)

.ARM            0x0000000008001b38        0x8
                0x0000000008001b38                . = ALIGN (0x4)
                0x0000000008001b38                __exidx_start = .
 *(.ARM.exidx*)
 .ARM.exidx     0x0000000008001b38        0x8 c:/st/stm32cubeide_1.10.0/stm32cubeide/plugins/com.st.stm32cube.ide.mcu.externaltools.gnu-tools-for-stm32.10.3-2021.10.win32_1.0.0.202111181127/tools/bin/../lib/gcc/arm-none-eabi/10.3.1/thumb/v7e-m+fp/hard\libgcc.a(_udivmoddi4.o)
                0x0000000008001b40                __exidx_end = .
                0x0000000008001b40                . = ALIGN (0x4)

.rel.dyn        0x0000000008001b40        0x0
 .rel.iplt      0x0000000008001b40        0x0 c:/st/stm32cubeide_1.10.0/stm32cubeide/plugins/com.st.stm32cube.ide.mcu.externaltools.gnu-tools-for-stm32.10.3-2021.10.win32_1.0.0.202111181127/tools/bin/../lib/gcc/arm-none-eabi/10.3.1/thumb/v7e-m+fp/hard/crtbegin.o

.preinit_array  0x0000000008001b40        0x0
                0x0000000008001b40                . = ALIGN (0x4)
                0x0000000008001b40                PROVIDE (__preinit_array_start = .)
 *(.preinit_array*)
                0x0000000008001b40                PROVIDE (__preinit_array_end = .)
                0x0000000008001b40                . = ALIGN (0x4)

.init_array     0x0000000008001b40        0x4
                0x0000000008001b40                . = ALIGN (0x4)
                0x0000000008001b40                PROVIDE (__init_array_start = .)
 *(SORT_BY_NAME(.init_array.*))
 *(.init_array*)
 .init_array    0x0000000008001b40        0x4 c:/st/stm32cubeide_1.10.0/stm32cubeide/plugins/com.st.stm32cube.ide.mcu.externaltools.gnu-tools-for-stm32.10.3-2021.10.win32_1.0.0.202111181127/tools/bin/../lib/gcc/arm-none-eabi/10.3.1/thumb/v7e-m+fp/hard/crtbegin.o
                0x0000000008001b44                PROVIDE (__init_array_end = .)
                0x0000000008001b44                . = ALIGN (0x4)

.fini_array     0x0000000008001b44        0x4
                0x0000000008001b44                . = ALIGN (0x4)
                [!provide]                        PROVIDE (__fini_array_start = .)
 *(SORT_BY_NAME(.fini_array.*))
 *(.fini_array*)
 .fini_array    0x0000000008001b44        0x4 c:/st/stm32cubeide_1.10.0/stm32cubeide/plugins/com.st.stm32cube.ide.mcu.externaltools.gnu-tools-for-stm32.10.3-2021.10.win32_1.0.0.202111181127/tools/bin/../lib/gcc/arm-none-eabi/10.3.1/thumb/v7e-m+fp/hard/crtbegin.o
                [!provide]                        PROVIDE (__fini_array_end = .)
                0x0000000008001b48                . = ALIGN (0x4)
                0x0000000008001b48                _sidata = LOADADDR (.data)

.data           0x0000000020000400      0x22c load address 0x0000000008001b48
                0x0000000020000400                . = ALIGN (0x4)
                0x0000000020000400                _sdata = .
 *(.data)
 *(.data*)
 .data.dem      0x0000000020000400        0x4 ./Core/Src/main.o
                0x0000000020000400                dem
 .data.ESP32_AT
                0x0000000020000404        0x5 ./Core/Src/main.o
                0x0000000020000404                ESP32_AT
 *fill*         0x0000000020000409        0x3 
 .data.ESP32_MODE
                0x000000002000040c        0xe ./Core/Src/main.o
                0x000000002000040c                ESP32_MODE
 *fill*         0x000000002000041a        0x2 
 .data.ESP32_CWJAP
                0x000000002000041c       0x2a ./Core/Src/main.o
                0x000000002000041c                ESP32_CWJAP
 *fill*         0x0000000020000446        0x2 
 .data.ESP32_CIPSTART
                0x0000000020000448       0x27 ./Core/Src/main.o
                0x0000000020000448                ESP32_CIPSTART
 *fill*         0x000000002000046f        0x1 
 .data.ESP32_CIPSEND
                0x0000000020000470        0xf ./Core/Src/main.o
                0x0000000020000470                ESP32_CIPSEND
 *fill*         0x000000002000047f        0x1 
 .data.SYST_CR  0x0000000020000480        0x4 ./Core/Src/main.o
                0x0000000020000480                SYST_CR
 .data.SYST_RV  0x0000000020000484        0x4 ./Core/Src/main.o
                0x0000000020000484                SYST_RV
 .data.SystemCoreClock
                0x0000000020000488        0x4 ./Core/Src/system_stm32f4xx.o
                0x0000000020000488                SystemCoreClock
 .data.uwTickPrio
                0x000000002000048c        0x4 ./Drivers/STM32F4xx_HAL_Driver/Src/stm32f4xx_hal.o
                0x000000002000048c                uwTickPrio
 .data.uwTickFreq
                0x0000000020000490        0x1 ./Drivers/STM32F4xx_HAL_Driver/Src/stm32f4xx_hal.o
                0x0000000020000490                uwTickFreq
 *(.RamFunc)
 *(.RamFunc*)
 *(.function_in_ram*)
 *fill*         0x0000000020000491        0x3 
 .function_in_ram
                0x0000000020000494      0x198 ./Core/Src/main.o
                0x0000000020000494                Erase_Sector
                0x0000000020000538                Programming
                0x00000000200005e8                update_sector
                0x000000002000062c                . = ALIGN (0x4)
                0x000000002000062c                _edata = .

.igot.plt       0x000000002000062c        0x0 load address 0x0000000008001d74
 .igot.plt      0x000000002000062c        0x0 c:/st/stm32cubeide_1.10.0/stm32cubeide/plugins/com.st.stm32cube.ide.mcu.externaltools.gnu-tools-for-stm32.10.3-2021.10.win32_1.0.0.202111181127/tools/bin/../lib/gcc/arm-none-eabi/10.3.1/thumb/v7e-m+fp/hard/crtbegin.o
                0x000000002000062c                . = ALIGN (0x4)

.bss            0x000000002000062c     0x1464 load address 0x0000000008001d74
                0x000000002000062c                _sbss = .
                0x000000002000062c                __bss_start__ = _sbss
 *(.bss)
 .bss           0x000000002000062c       0x1c c:/st/stm32cubeide_1.10.0/stm32cubeide/plugins/com.st.stm32cube.ide.mcu.externaltools.gnu-tools-for-stm32.10.3-2021.10.win32_1.0.0.202111181127/tools/bin/../lib/gcc/arm-none-eabi/10.3.1/thumb/v7e-m+fp/hard/crtbegin.o
 *(.bss*)
 .bss.rx_buf    0x0000000020000648     0x1438 ./Core/Src/main.o
                0x0000000020000648                rx_buf
 .bss.rx_index  0x0000000020001a80        0x4 ./Core/Src/main.o
                0x0000000020001a80                rx_index
 .bss.tick      0x0000000020001a84        0x4 ./Core/Src/main.o
                0x0000000020001a84                tick
 .bss.recv_done
                0x0000000020001a88        0x4 ./Core/Src/main.o
                0x0000000020001a88                recv_done
 .bss.uwTick    0x0000000020001a8c        0x4 ./Drivers/STM32F4xx_HAL_Driver/Src/stm32f4xx_hal.o
                0x0000000020001a8c                uwTick
 *(COMMON)
                0x0000000020001a90                . = ALIGN (0x4)
                0x0000000020001a90                _ebss = .
                0x0000000020001a90                __bss_end__ = _ebss

._user_heap_stack
                0x0000000020001a90      0x600 load address 0x0000000008001d74
                0x0000000020001a90                . = ALIGN (0x8)
                [!provide]                        PROVIDE (end = .)
                0x0000000020001a90                PROVIDE (_end = .)
                0x0000000020001c90                . = (. + _Min_Heap_Size)
 *fill*         0x0000000020001a90      0x200 
                0x0000000020002090                . = (. + _Min_Stack_Size)
 *fill*         0x0000000020001c90      0x400 
                0x0000000020002090                . = ALIGN (0x8)

/DISCARD/
 libc.a(*)
 libm.a(*)
 libgcc.a(*)

.ARM.attributes
                0x0000000000000000       0x30
 *(.ARM.attributes)
 .ARM.attributes
                0x0000000000000000       0x1e c:/st/stm32cubeide_1.10.0/stm32cubeide/plugins/com.st.stm32cube.ide.mcu.externaltools.gnu-tools-for-stm32.10.3-2021.10.win32_1.0.0.202111181127/tools/bin/../lib/gcc/arm-none-eabi/10.3.1/thumb/v7e-m+fp/hard/crti.o
 .ARM.attributes
                0x000000000000001e       0x34 c:/st/stm32cubeide_1.10.0/stm32cubeide/plugins/com.st.stm32cube.ide.mcu.externaltools.gnu-tools-for-stm32.10.3-2021.10.win32_1.0.0.202111181127/tools/bin/../lib/gcc/arm-none-eabi/10.3.1/thumb/v7e-m+fp/hard/crtbegin.o
 .ARM.attributes
                0x0000000000000052       0x34 ./Core/Src/i2c_lib.o
 .ARM.attributes
                0x0000000000000086       0x34 ./Core/Src/main.o
 .ARM.attributes
                0x00000000000000ba       0x34 ./Core/Src/stm32f4xx_hal_msp.o
 .ARM.attributes
                0x00000000000000ee       0x34 ./Core/Src/stm32f4xx_it.o
 .ARM.attributes
                0x0000000000000122       0x34 ./Core/Src/system_stm32f4xx.o
 .ARM.attributes
                0x0000000000000156       0x21 ./Core/Startup/startup_stm32f411vetx.o
 .ARM.attributes
                0x0000000000000177       0x34 ./Drivers/STM32F4xx_HAL_Driver/Src/stm32f4xx_hal.o
 .ARM.attributes
                0x00000000000001ab       0x34 ./Drivers/STM32F4xx_HAL_Driver/Src/stm32f4xx_hal_cortex.o
 .ARM.attributes
                0x00000000000001df       0x34 ./Drivers/STM32F4xx_HAL_Driver/Src/stm32f4xx_hal_rcc.o
 .ARM.attributes
                0x0000000000000213       0x34 c:/st/stm32cubeide_1.10.0/stm32cubeide/plugins/com.st.stm32cube.ide.mcu.externaltools.gnu-tools-for-stm32.10.3-2021.10.win32_1.0.0.202111181127/tools/bin/../lib/gcc/arm-none-eabi/10.3.1/../../../../arm-none-eabi/lib/thumb/v7e-m+fp/hard\libc_nano.a(lib_a-init.o)
 .ARM.attributes
                0x0000000000000247       0x34 c:/st/stm32cubeide_1.10.0/stm32cubeide/plugins/com.st.stm32cube.ide.mcu.externaltools.gnu-tools-for-stm32.10.3-2021.10.win32_1.0.0.202111181127/tools/bin/../lib/gcc/arm-none-eabi/10.3.1/../../../../arm-none-eabi/lib/thumb/v7e-m+fp/hard\libc_nano.a(lib_a-memcpy-stub.o)
 .ARM.attributes
                0x000000000000027b       0x34 c:/st/stm32cubeide_1.10.0/stm32cubeide/plugins/com.st.stm32cube.ide.mcu.externaltools.gnu-tools-for-stm32.10.3-2021.10.win32_1.0.0.202111181127/tools/bin/../lib/gcc/arm-none-eabi/10.3.1/../../../../arm-none-eabi/lib/thumb/v7e-m+fp/hard\libc_nano.a(lib_a-memset.o)
 .ARM.attributes
                0x00000000000002af       0x34 c:/st/stm32cubeide_1.10.0/stm32cubeide/plugins/com.st.stm32cube.ide.mcu.externaltools.gnu-tools-for-stm32.10.3-2021.10.win32_1.0.0.202111181127/tools/bin/../lib/gcc/arm-none-eabi/10.3.1/../../../../arm-none-eabi/lib/thumb/v7e-m+fp/hard\libc_nano.a(lib_a-strstr.o)
 .ARM.attributes
                0x00000000000002e3       0x1e c:/st/stm32cubeide_1.10.0/stm32cubeide/plugins/com.st.stm32cube.ide.mcu.externaltools.gnu-tools-for-stm32.10.3-2021.10.win32_1.0.0.202111181127/tools/bin/../lib/gcc/arm-none-eabi/10.3.1/thumb/v7e-m+fp/hard\libgcc.a(_aeabi_uldivmod.o)
 .ARM.attributes
                0x0000000000000301       0x34 c:/st/stm32cubeide_1.10.0/stm32cubeide/plugins/com.st.stm32cube.ide.mcu.externaltools.gnu-tools-for-stm32.10.3-2021.10.win32_1.0.0.202111181127/tools/bin/../lib/gcc/arm-none-eabi/10.3.1/thumb/v7e-m+fp/hard\libgcc.a(_udivmoddi4.o)
 .ARM.attributes
                0x0000000000000335       0x1e c:/st/stm32cubeide_1.10.0/stm32cubeide/plugins/com.st.stm32cube.ide.mcu.externaltools.gnu-tools-for-stm32.10.3-2021.10.win32_1.0.0.202111181127/tools/bin/../lib/gcc/arm-none-eabi/10.3.1/thumb/v7e-m+fp/hard\libgcc.a(_dvmd_tls.o)
 .ARM.attributes
                0x0000000000000353       0x1e c:/st/stm32cubeide_1.10.0/stm32cubeide/plugins/com.st.stm32cube.ide.mcu.externaltools.gnu-tools-for-stm32.10.3-2021.10.win32_1.0.0.202111181127/tools/bin/../lib/gcc/arm-none-eabi/10.3.1/thumb/v7e-m+fp/hard/crtn.o
OUTPUT(Bai_Hoc_O_Lop.elf elf32-littlearm)
LOAD linker stubs
LOAD c:/st/stm32cubeide_1.10.0/stm32cubeide/plugins/com.st.stm32cube.ide.mcu.externaltools.gnu-tools-for-stm32.10.3-2021.10.win32_1.0.0.202111181127/tools/bin/../lib/gcc/arm-none-eabi/10.3.1/../../../../arm-none-eabi/lib/thumb/v7e-m+fp/hard\libc.a
LOAD c:/st/stm32cubeide_1.10.0/stm32cubeide/plugins/com.st.stm32cube.ide.mcu.externaltools.gnu-tools-for-stm32.10.3-2021.10.win32_1.0.0.202111181127/tools/bin/../lib/gcc/arm-none-eabi/10.3.1/../../../../arm-none-eabi/lib/thumb/v7e-m+fp/hard\libm.a
LOAD c:/st/stm32cubeide_1.10.0/stm32cubeide/plugins/com.st.stm32cube.ide.mcu.externaltools.gnu-tools-for-stm32.10.3-2021.10.win32_1.0.0.202111181127/tools/bin/../lib/gcc/arm-none-eabi/10.3.1/thumb/v7e-m+fp/hard\libgcc.a

.debug_info     0x0000000000000000     0x3b06
 .debug_info    0x0000000000000000      0x3ea ./Core/Src/i2c_lib.o
 .debug_info    0x00000000000003ea      0xd91 ./Core/Src/main.o
 .debug_info    0x000000000000117b      0x2d4 ./Core/Src/stm32f4xx_hal_msp.o
 .debug_info    0x000000000000144f      0x121 ./Core/Src/stm32f4xx_it.o
 .debug_info    0x0000000000001570      0x54f ./Core/Src/system_stm32f4xx.o
 .debug_info    0x0000000000001abf       0x22 ./Core/Startup/startup_stm32f411vetx.o
 .debug_info    0x0000000000001ae1      0x90d ./Drivers/STM32F4xx_HAL_Driver/Src/stm32f4xx_hal.o
 .debug_info    0x00000000000023ee      0xd8b ./Drivers/STM32F4xx_HAL_Driver/Src/stm32f4xx_hal_cortex.o
 .debug_info    0x0000000000003179      0x98d ./Drivers/STM32F4xx_HAL_Driver/Src/stm32f4xx_hal_rcc.o

.debug_abbrev   0x0000000000000000      0xf23
 .debug_abbrev  0x0000000000000000      0x122 ./Core/Src/i2c_lib.o
 .debug_abbrev  0x0000000000000122      0x393 ./Core/Src/main.o
 .debug_abbrev  0x00000000000004b5       0xd4 ./Core/Src/stm32f4xx_hal_msp.o
 .debug_abbrev  0x0000000000000589       0x74 ./Core/Src/stm32f4xx_it.o
 .debug_abbrev  0x00000000000005fd      0x116 ./Core/Src/system_stm32f4xx.o
 .debug_abbrev  0x0000000000000713       0x12 ./Core/Startup/startup_stm32f411vetx.o
 .debug_abbrev  0x0000000000000725      0x23e ./Drivers/STM32F4xx_HAL_Driver/Src/stm32f4xx_hal.o
 .debug_abbrev  0x0000000000000963      0x316 ./Drivers/STM32F4xx_HAL_Driver/Src/stm32f4xx_hal_cortex.o
 .debug_abbrev  0x0000000000000c79      0x2aa ./Drivers/STM32F4xx_HAL_Driver/Src/stm32f4xx_hal_rcc.o

.debug_aranges  0x0000000000000000      0x450
 .debug_aranges
                0x0000000000000000       0x28 ./Core/Src/i2c_lib.o
 .debug_aranges
                0x0000000000000028       0xc8 ./Core/Src/main.o
 .debug_aranges
                0x00000000000000f0       0x20 ./Core/Src/stm32f4xx_hal_msp.o
 .debug_aranges
                0x0000000000000110       0x60 ./Core/Src/stm32f4xx_it.o
 .debug_aranges
                0x0000000000000170       0x28 ./Core/Src/system_stm32f4xx.o
 .debug_aranges
                0x0000000000000198       0x28 ./Core/Startup/startup_stm32f411vetx.o
 .debug_aranges
                0x00000000000001c0       0xf0 ./Drivers/STM32F4xx_HAL_Driver/Src/stm32f4xx_hal.o
 .debug_aranges
                0x00000000000002b0      0x118 ./Drivers/STM32F4xx_HAL_Driver/Src/stm32f4xx_hal_cortex.o
 .debug_aranges
                0x00000000000003c8       0x88 ./Drivers/STM32F4xx_HAL_Driver/Src/stm32f4xx_hal_rcc.o

.debug_ranges   0x0000000000000000      0x3c8
 .debug_ranges  0x0000000000000000       0x18 ./Core/Src/i2c_lib.o
 .debug_ranges  0x0000000000000018       0xb8 ./Core/Src/main.o
 .debug_ranges  0x00000000000000d0       0x10 ./Core/Src/stm32f4xx_hal_msp.o
 .debug_ranges  0x00000000000000e0       0x50 ./Core/Src/stm32f4xx_it.o
 .debug_ranges  0x0000000000000130       0x18 ./Core/Src/system_stm32f4xx.o
 .debug_ranges  0x0000000000000148       0x20 ./Core/Startup/startup_stm32f411vetx.o
 .debug_ranges  0x0000000000000168       0xe0 ./Drivers/STM32F4xx_HAL_Driver/Src/stm32f4xx_hal.o
 .debug_ranges  0x0000000000000248      0x108 ./Drivers/STM32F4xx_HAL_Driver/Src/stm32f4xx_hal_cortex.o
 .debug_ranges  0x0000000000000350       0x78 ./Drivers/STM32F4xx_HAL_Driver/Src/stm32f4xx_hal_rcc.o

.debug_macro    0x0000000000000000    0x14b79
 .debug_macro   0x0000000000000000      0x1c3 ./Core/Src/i2c_lib.o
 .debug_macro   0x00000000000001c3      0xa78 ./Core/Src/i2c_lib.o
 .debug_macro   0x0000000000000c3b      0x28f ./Core/Src/i2c_lib.o
 .debug_macro   0x0000000000000eca       0x2e ./Core/Src/i2c_lib.o
 .debug_macro   0x0000000000000ef8       0x28 ./Core/Src/i2c_lib.o
 .debug_macro   0x0000000000000f20       0x22 ./Core/Src/i2c_lib.o
 .debug_macro   0x0000000000000f42       0x8e ./Core/Src/i2c_lib.o
 .debug_macro   0x0000000000000fd0       0x51 ./Core/Src/i2c_lib.o
 .debug_macro   0x0000000000001021      0x103 ./Core/Src/i2c_lib.o
 .debug_macro   0x0000000000001124       0x6a ./Core/Src/i2c_lib.o
 .debug_macro   0x000000000000118e      0x1df ./Core/Src/i2c_lib.o
 .debug_macro   0x000000000000136d       0x1c ./Core/Src/i2c_lib.o
 .debug_macro   0x0000000000001389       0x22 ./Core/Src/i2c_lib.o
 .debug_macro   0x00000000000013ab       0xd9 ./Core/Src/i2c_lib.o
 .debug_macro   0x0000000000001484     0x102d ./Core/Src/i2c_lib.o
 .debug_macro   0x00000000000024b1      0x11f ./Core/Src/i2c_lib.o
 .debug_macro   0x00000000000025d0     0xb953 ./Core/Src/i2c_lib.o
 .debug_macro   0x000000000000df23       0x6d ./Core/Src/i2c_lib.o
 .debug_macro   0x000000000000df90     0x367e ./Core/Src/i2c_lib.o
 .debug_macro   0x000000000001160e      0x174 ./Core/Src/i2c_lib.o
 .debug_macro   0x0000000000011782       0x5c ./Core/Src/i2c_lib.o
 .debug_macro   0x00000000000117de      0x447 ./Core/Src/i2c_lib.o
 .debug_macro   0x0000000000011c25      0x9fe ./Core/Src/i2c_lib.o
 .debug_macro   0x0000000000012623      0x115 ./Core/Src/i2c_lib.o
 .debug_macro   0x0000000000012738      0x11b ./Core/Src/i2c_lib.o
 .debug_macro   0x0000000000012853       0xa5 ./Core/Src/i2c_lib.o
 .debug_macro   0x00000000000128f8      0x15f ./Core/Src/i2c_lib.o
 .debug_macro   0x0000000000012a57      0x287 ./Core/Src/i2c_lib.o
 .debug_macro   0x0000000000012cde       0x5f ./Core/Src/i2c_lib.o
 .debug_macro   0x0000000000012d3d      0x236 ./Core/Src/i2c_lib.o
 .debug_macro   0x0000000000012f73      0x132 ./Core/Src/i2c_lib.o
 .debug_macro   0x00000000000130a5      0x264 ./Core/Src/i2c_lib.o
 .debug_macro   0x0000000000013309       0x2e ./Core/Src/i2c_lib.o
 .debug_macro   0x0000000000013337      0x11a ./Core/Src/i2c_lib.o
 .debug_macro   0x0000000000013451       0x85 ./Core/Src/i2c_lib.o
 .debug_macro   0x00000000000134d6       0x89 ./Core/Src/i2c_lib.o
 .debug_macro   0x000000000001355f      0x126 ./Core/Src/i2c_lib.o
 .debug_macro   0x0000000000013685       0x10 ./Core/Src/i2c_lib.o
 .debug_macro   0x0000000000013695      0x2a4 ./Core/Src/main.o
 .debug_macro   0x0000000000013939       0x52 ./Core/Src/main.o
 .debug_macro   0x000000000001398b       0x1e ./Core/Src/main.o
 .debug_macro   0x00000000000139a9       0x3c ./Core/Src/main.o
 .debug_macro   0x00000000000139e5       0x34 ./Core/Src/main.o
 .debug_macro   0x0000000000013a19       0x16 ./Core/Src/main.o
 .debug_macro   0x0000000000013a2f       0x43 ./Core/Src/main.o
 .debug_macro   0x0000000000013a72       0x34 ./Core/Src/main.o
 .debug_macro   0x0000000000013aa6       0x10 ./Core/Src/main.o
 .debug_macro   0x0000000000013ab6       0x58 ./Core/Src/main.o
 .debug_macro   0x0000000000013b0e       0x71 ./Core/Src/main.o
 .debug_macro   0x0000000000013b7f       0x1c ./Core/Src/main.o
 .debug_macro   0x0000000000013b9b      0x12a ./Core/Src/main.o
 .debug_macro   0x0000000000013cc5      0x341 ./Core/Src/main.o
 .debug_macro   0x0000000000014006       0x10 ./Core/Src/main.o
 .debug_macro   0x0000000000014016       0x35 ./Core/Src/main.o
 .debug_macro   0x000000000001404b       0x20 ./Core/Src/main.o
 .debug_macro   0x000000000001406b       0x4c ./Core/Src/main.o
 .debug_macro   0x00000000000140b7      0x1ba ./Core/Src/stm32f4xx_hal_msp.o
 .debug_macro   0x0000000000014271      0x1c4 ./Core/Src/stm32f4xx_it.o
 .debug_macro   0x0000000000014435      0x1b0 ./Core/Src/system_stm32f4xx.o
 .debug_macro   0x00000000000145e5      0x210 ./Drivers/STM32F4xx_HAL_Driver/Src/stm32f4xx_hal.o
 .debug_macro   0x00000000000147f5      0x1b0 ./Drivers/STM32F4xx_HAL_Driver/Src/stm32f4xx_hal_cortex.o
 .debug_macro   0x00000000000149a5      0x1d4 ./Drivers/STM32F4xx_HAL_Driver/Src/stm32f4xx_hal_rcc.o

.debug_line     0x0000000000000000     0x4b65
 .debug_line    0x0000000000000000      0x778 ./Core/Src/i2c_lib.o
 .debug_line    0x0000000000000778      0xc93 ./Core/Src/main.o
 .debug_line    0x000000000000140b      0x672 ./Core/Src/stm32f4xx_hal_msp.o
 .debug_line    0x0000000000001a7d      0x735 ./Core/Src/stm32f4xx_it.o
 .debug_line    0x00000000000021b2      0x6f4 ./Core/Src/system_stm32f4xx.o
 .debug_line    0x00000000000028a6       0x88 ./Core/Startup/startup_stm32f411vetx.o
 .debug_line    0x000000000000292e      0x95a ./Drivers/STM32F4xx_HAL_Driver/Src/stm32f4xx_hal.o
 .debug_line    0x0000000000003288      0xc09 ./Drivers/STM32F4xx_HAL_Driver/Src/stm32f4xx_hal_cortex.o
 .debug_line    0x0000000000003e91      0xcd4 ./Drivers/STM32F4xx_HAL_Driver/Src/stm32f4xx_hal_rcc.o

.debug_str      0x0000000000000000    0x81fda
 .debug_str     0x0000000000000000    0x7da11 ./Core/Src/i2c_lib.o
                                      0x7dc8f (size before relaxing)
 .debug_str     0x000000000007da11     0x33ff ./Core/Src/main.o
                                      0x8104b (size before relaxing)
 .debug_str     0x0000000000080e10       0x2c ./Core/Src/stm32f4xx_hal_msp.o
                                      0x7dc02 (size before relaxing)
 .debug_str     0x0000000000080e3c       0xc9 ./Core/Src/stm32f4xx_it.o
                                      0x7db76 (size before relaxing)
 .debug_str     0x0000000000080f05       0xd0 ./Core/Src/system_stm32f4xx.o
                                      0x7dcb2 (size before relaxing)
 .debug_str     0x0000000000080fd5       0x36 ./Core/Startup/startup_stm32f411vetx.o
                                         0x69 (size before relaxing)
 .debug_str     0x000000000008100b      0x9c9 ./Drivers/STM32F4xx_HAL_Driver/Src/stm32f4xx_hal.o
                                      0x7e6de (size before relaxing)
 .debug_str     0x00000000000819d4      0x365 ./Drivers/STM32F4xx_HAL_Driver/Src/stm32f4xx_hal_cortex.o
                                      0x7e3ff (size before relaxing)
 .debug_str     0x0000000000081d39      0x2a1 ./Drivers/STM32F4xx_HAL_Driver/Src/stm32f4xx_hal_rcc.o
                                      0x7e0e6 (size before relaxing)

.comment        0x0000000000000000       0x50
 .comment       0x0000000000000000       0x50 ./Core/Src/i2c_lib.o
                                         0x51 (size before relaxing)
 .comment       0x0000000000000050       0x51 ./Core/Src/main.o
 .comment       0x0000000000000050       0x51 ./Core/Src/stm32f4xx_hal_msp.o
 .comment       0x0000000000000050       0x51 ./Core/Src/stm32f4xx_it.o
 .comment       0x0000000000000050       0x51 ./Core/Src/system_stm32f4xx.o
 .comment       0x0000000000000050       0x51 ./Drivers/STM32F4xx_HAL_Driver/Src/stm32f4xx_hal.o
 .comment       0x0000000000000050       0x51 ./Drivers/STM32F4xx_HAL_Driver/Src/stm32f4xx_hal_cortex.o
 .comment       0x0000000000000050       0x51 ./Drivers/STM32F4xx_HAL_Driver/Src/stm32f4xx_hal_rcc.o

.debug_frame    0x0000000000000000     0x1038
 .debug_frame   0x0000000000000000       0x60 ./Core/Src/i2c_lib.o
 .debug_frame   0x0000000000000060      0x344 ./Core/Src/main.o
 .debug_frame   0x00000000000003a4       0x38 ./Core/Src/stm32f4xx_hal_msp.o
 .debug_frame   0x00000000000003dc      0x104 ./Core/Src/stm32f4xx_it.o
 .debug_frame   0x00000000000004e0       0x58 ./Core/Src/system_stm32f4xx.o
 .debug_frame   0x0000000000000538      0x374 ./Drivers/STM32F4xx_HAL_Driver/Src/stm32f4xx_hal.o
 .debug_frame   0x00000000000008ac      0x498 ./Drivers/STM32F4xx_HAL_Driver/Src/stm32f4xx_hal_cortex.o
 .debug_frame   0x0000000000000d44      0x1f4 ./Drivers/STM32F4xx_HAL_Driver/Src/stm32f4xx_hal_rcc.o
 .debug_frame   0x0000000000000f38       0x2c c:/st/stm32cubeide_1.10.0/stm32cubeide/plugins/com.st.stm32cube.ide.mcu.externaltools.gnu-tools-for-stm32.10.3-2021.10.win32_1.0.0.202111181127/tools/bin/../lib/gcc/arm-none-eabi/10.3.1/../../../../arm-none-eabi/lib/thumb/v7e-m+fp/hard\libc_nano.a(lib_a-init.o)
 .debug_frame   0x0000000000000f64       0x28 c:/st/stm32cubeide_1.10.0/stm32cubeide/plugins/com.st.stm32cube.ide.mcu.externaltools.gnu-tools-for-stm32.10.3-2021.10.win32_1.0.0.202111181127/tools/bin/../lib/gcc/arm-none-eabi/10.3.1/../../../../arm-none-eabi/lib/thumb/v7e-m+fp/hard\libc_nano.a(lib_a-memcpy-stub.o)
 .debug_frame   0x0000000000000f8c       0x20 c:/st/stm32cubeide_1.10.0/stm32cubeide/plugins/com.st.stm32cube.ide.mcu.externaltools.gnu-tools-for-stm32.10.3-2021.10.win32_1.0.0.202111181127/tools/bin/../lib/gcc/arm-none-eabi/10.3.1/../../../../arm-none-eabi/lib/thumb/v7e-m+fp/hard\libc_nano.a(lib_a-memset.o)
 .debug_frame   0x0000000000000fac       0x2c c:/st/stm32cubeide_1.10.0/stm32cubeide/plugins/com.st.stm32cube.ide.mcu.externaltools.gnu-tools-for-stm32.10.3-2021.10.win32_1.0.0.202111181127/tools/bin/../lib/gcc/arm-none-eabi/10.3.1/../../../../arm-none-eabi/lib/thumb/v7e-m+fp/hard\libc_nano.a(lib_a-strstr.o)
 .debug_frame   0x0000000000000fd8       0x2c c:/st/stm32cubeide_1.10.0/stm32cubeide/plugins/com.st.stm32cube.ide.mcu.externaltools.gnu-tools-for-stm32.10.3-2021.10.win32_1.0.0.202111181127/tools/bin/../lib/gcc/arm-none-eabi/10.3.1/thumb/v7e-m+fp/hard\libgcc.a(_aeabi_uldivmod.o)
 .debug_frame   0x0000000000001004       0x34 c:/st/stm32cubeide_1.10.0/stm32cubeide/plugins/com.st.stm32cube.ide.mcu.externaltools.gnu-tools-for-stm32.10.3-2021.10.win32_1.0.0.202111181127/tools/bin/../lib/gcc/arm-none-eabi/10.3.1/thumb/v7e-m+fp/hard\libgcc.a(_udivmoddi4.o)
